../Core/Src/main.c:104:6:randomWordsUART	80	static
../Core/Src/main.c:148:6:delay	24	static,ignoring_inline_asm
../Core/Src/main.c:159:6:start_game	88	static
../Core/Src/main.c:177:6:game_over	40	static
../Core/Src/main.c:204:6:HAL_GPIO_EXTI_Callback	16	static
../Core/Src/main.c:239:6:HAL_TIM_PeriodElapsedCallback	16	static
../Core/Src/main.c:248:6:findMinMaxSum	32	static
../Core/Src/main.c:291:5:main	8	static
../Core/Src/main.c:341:6:SystemClock_Config	72	static
../Core/Src/main.c:380:13:MX_TIM2_Init	40	static
../Core/Src/main.c:425:13:MX_TIM3_Init	40	static
../Core/Src/main.c:470:13:MX_USART2_UART_Init	8	static
../Core/Src/main.c:505:13:MX_GPIO_Init	48	static
../Core/Src/main.c:549:6:Error_Handler	4	static,ignoring_inline_asm
